// Jest Snapshot v1, https://goo.gl/fbAQLP

exports[`renders button correctly 1`] = `
<button
  className="MuiButtonBase-root MuiButton-root MuiButton-contained makeStyles-lightGreen-2 makeStyles-content-3 MuiButton-containedPrimary"
  disabled={false}
  onBlur={[Function]}
  onDragLeave={[Function]}
  onFocus={[Function]}
  onKeyDown={[Function]}
  onKeyUp={[Function]}
  onMouseDown={[Function]}
  onMouseLeave={[Function]}
  onMouseUp={[Function]}
  onTouchEnd={[Function]}
  onTouchMove={[Function]}
  onTouchStart={[Function]}
  tabIndex={0}
  type="button"
>
  <span
    className="MuiButton-label"
  >
    <p
      className="MuiTypography-root MuiTypography-body1"
    >
      Test
    </p>
  </span>
</button>
`;
